// Vitest Snapshot v1, https://vitest.dev/guide/snapshot.html

exports[`ActiveProduct component > renders correctly 1`] = `
<div>
  <div
    class="_animation-wrapper_51ac2f"
    style="clip-path: inset(0 0 100% 0); height: 0px;"
  >
    <div
      class="_container_51ac2f"
    >
      <div
        class="_image-container_51ac2f"
      >
        <img
          alt=""
          class="_product-preview_51ac2f"
          src="https://image.placeholder.com/product"
        />
      </div>
      <div
        class="_product-info_51ac2f"
      >
        <h3
          class="_title_51ac2f"
        >
          Product 0
        </h3>
        <p
          class="_description_51ac2f"
        >
          Lorem ipsum dolor sit amet consectetur adipisicing elit. Delectus magnam asperiores minus dolores cumque corporis vel dolorem atque non reiciendis.
        </p>
        <p
          class="_price_51ac2f"
        >
          $
          50
        </p>
        <div
          class="_quantity-container_0eb3ba"
        >
          <button
            aria-label="Increase quantity"
            class="_add-button_0eb3ba"
          >
            <svg
              class="lucide lucide-plus"
              fill="none"
              height="24"
              stroke="currentColor"
              stroke-linecap="round"
              stroke-linejoin="round"
              stroke-width="2"
              viewBox="0 0 24 24"
              width="24"
              xmlns="http://www.w3.org/2000/svg"
            >
              <path
                d="M5 12h14"
              />
              <path
                d="M12 5v14"
              />
            </svg>
          </button>
          <input
            aria-label="Quantity value"
            class="_quantity-input_0eb3ba"
            max="999"
            min="1"
            type="number"
            value="1"
          />
          <button
            aria-label="Decrease quantity"
            class="_subtract-button_0eb3ba"
          >
            <svg
              class="lucide lucide-minus"
              fill="none"
              height="24"
              stroke="currentColor"
              stroke-linecap="round"
              stroke-linejoin="round"
              stroke-width="2"
              viewBox="0 0 24 24"
              width="24"
              xmlns="http://www.w3.org/2000/svg"
            >
              <path
                d="M5 12h14"
              />
            </svg>
          </button>
        </div>
        <div
          class="_add-cart-container_51ac2f"
        >
          <button
            class="_add-cart-button_51ac2f"
          >
            Add to cart
            <svg
              class="lucide lucide-shopping-cart"
              fill="none"
              height="24"
              stroke="currentColor"
              stroke-linecap="round"
              stroke-linejoin="round"
              stroke-width="2"
              viewBox="0 0 24 24"
              width="24"
              xmlns="http://www.w3.org/2000/svg"
            >
              <circle
                cx="8"
                cy="21"
                r="1"
              />
              <circle
                cx="19"
                cy="21"
                r="1"
              />
              <path
                d="M2.05 2.05h2l2.66 12.42a2 2 0 0 0 2 1.58h9.78a2 2 0 0 0 1.95-1.57l1.65-7.43H5.12"
              />
            </svg>
          </button>
        </div>
      </div>
      <button
        aria-label="Close selected product"
        class="_close-button_51ac2f"
      >
        <svg
          class="lucide lucide-circle-x"
          fill="none"
          height="24"
          stroke="currentColor"
          stroke-linecap="round"
          stroke-linejoin="round"
          stroke-width="2"
          viewBox="0 0 24 24"
          width="24"
          xmlns="http://www.w3.org/2000/svg"
        >
          <circle
            cx="12"
            cy="12"
            r="10"
          />
          <path
            d="m15 9-6 6"
          />
          <path
            d="m9 9 6 6"
          />
        </svg>
      </button>
    </div>
  </div>
</div>
`;
