// Vitest Snapshot v1, https://vitest.dev/guide/snapshot.html

exports[`Cart component > renders correctly 1`] = `
<div>
  <main
    class="_main-container_a5fe19"
  >
    <div
      class="_container_a5fe19"
    >
      <div
        class="_cart-container_a5fe19"
      >
        <header
          class="_cart-header_a5fe19"
        >
          <h2>
            Your Shopping Cart
          </h2>
          <p>
            3
             different item
            s
          </p>
        </header>
        <div
          class="_cart-list_a5fe19"
        >
          <p
            class="_cart-list-header_a5fe19"
          >
            PRODUCT DETAILS
          </p>
          <p
            class="_cart-list-header_a5fe19"
          >
            QUANTITY
          </p>
          <p
            class="_cart-list-header_a5fe19"
          >
            PRICE
          </p>
          <p
            class="_cart-list-header_a5fe19"
          >
            TOTAL
          </p>
          <p
            class="_cart-list-header_a5fe19"
          >
            REMOVE
          </p>
          <li>
            <img
              alt=""
              src="https://image.placeholder.com/product"
            />
            <p>
              Product 0
            </p>
            <p />
            <p>
              49.5
            </p>
            <p>
              5
            </p>
            <p>
              247.5
            </p>
          </li>
          <li>
            <img
              alt=""
              src="https://image.placeholder.com/product"
            />
            <p>
              Product 1
            </p>
            <p />
            <p>
              20.99
            </p>
            <p>
              5
            </p>
            <p>
              104.94999999999999
            </p>
          </li>
        </div>
        <div
          class="_go-shop-link-container_a5fe19"
        >
          <a
            class="_go-shop-link_a5fe19"
            href="/store/all"
          >
            <svg
              class="lucide lucide-move-left"
              fill="none"
              height="24"
              stroke="currentColor"
              stroke-linecap="round"
              stroke-linejoin="round"
              stroke-width="2"
              viewBox="0 0 24 24"
              width="24"
              xmlns="http://www.w3.org/2000/svg"
            >
              <path
                d="M6 8L2 12L6 16"
              />
              <path
                d="M2 12H22"
              />
            </svg>
            Continue Shopping
          </a>
        </div>
      </div>
      <div
        class="_summary-container_a5fe19"
      >
        <h3
          class="_summary-title_a5fe19"
        >
          Order Summary
        </h3>
        <div
          class="_summary-info_a5fe19"
        >
          <div>
            <p
              class="_summary-labels_a5fe19"
            >
              SUBTOTAL
            </p>
            <p
              class="_summary-prices_a5fe19"
            >
              $
              352.45
            </p>
          </div>
          <div>
            <p
              class="_summary-labels_a5fe19"
            >
              DELIVERY
            </p>
            <p
              class="_summary-prices_a5fe19"
            >
              $
              0
            </p>
          </div>
          <div>
            <p
              class="_summary-labels_a5fe19"
            >
              DISCOUNT
            </p>
            <p
              class="_summary-prices_a5fe19"
            >
              $
              0
            </p>
          </div>
          <div
            class="_total-container_a5fe19"
          >
            <p
              class="_summary-labels_a5fe19"
            >
              TOTAL
            </p>
            <p
              class="_summary-prices_a5fe19"
            >
              $
              352.45
            </p>
          </div>
          <button
            class="_checkout-button_a5fe19"
          >
            CHECKOUT
          </button>
        </div>
      </div>
    </div>
  </main>
</div>
`;
