// Vitest Snapshot v1, https://vitest.dev/guide/snapshot.html

exports[`ErrorPage component > renders correctly 1`] = `
<div>
  <div
    class="_container_8b6e76"
  >
    <h1
      class="_status-code_8b6e76"
    >
      404
    </h1>
    <p
      class="_message_8b6e76"
    >
      Oops! The page you are looking for does not exist.
    </p>
    <a
      class="_home-link_8b6e76"
      href="/"
    >
      Go Back Home
    </a>
  </div>
</div>
`;
